Archive member included because of file (symbol)

../hellohuhi_bsp/\libhal_bsp.a(alt_getchar.o)
                              obj/default/hello_world_small.o (alt_getchar)
../hellohuhi_bsp/\libhal_bsp.a(alt_load.o)
                              ../hellohuhi_bsp//obj/HAL/src/crt0.o (alt_load)
../hellohuhi_bsp/\libhal_bsp.a(alt_main.o)
                              ../hellohuhi_bsp//obj/HAL/src/crt0.o (alt_main)
../hellohuhi_bsp/\libhal_bsp.a(alt_printf.o)
                              obj/default/hello_world_small.o (alt_printf)
../hellohuhi_bsp/\libhal_bsp.a(alt_putchar.o)
                              obj/default/hello_world_small.o (alt_putchar)
../hellohuhi_bsp/\libhal_bsp.a(alt_putstr.o)
                              obj/default/hello_world_small.o (alt_putstr)
../hellohuhi_bsp/\libhal_bsp.a(alt_sys_init.o)
                              ../hellohuhi_bsp/\libhal_bsp.a(alt_main.o) (alt_sys_init)
../hellohuhi_bsp/\libhal_bsp.a(altera_avalon_uart_read.o)
                              ../hellohuhi_bsp/\libhal_bsp.a(alt_getchar.o) (altera_avalon_uart_read)
../hellohuhi_bsp/\libhal_bsp.a(altera_avalon_uart_write.o)
                              ../hellohuhi_bsp/\libhal_bsp.a(alt_putchar.o) (altera_avalon_uart_write)
../hellohuhi_bsp/\libhal_bsp.a(alt_dcache_flush_all.o)
                              ../hellohuhi_bsp/\libhal_bsp.a(alt_load.o) (alt_dcache_flush_all)
../hellohuhi_bsp/\libhal_bsp.a(alt_dev.o)
                              ../hellohuhi_bsp/\libhal_bsp.a(alt_getchar.o) (alt_fd_list)
../hellohuhi_bsp/\libhal_bsp.a(alt_errno.o)
                              ../hellohuhi_bsp/\libhal_bsp.a(altera_avalon_uart_read.o) (alt_errno)
../hellohuhi_bsp/\libhal_bsp.a(alt_icache_flush_all.o)
                              ../hellohuhi_bsp/\libhal_bsp.a(alt_load.o) (alt_icache_flush_all)
../hellohuhi_bsp/\libhal_bsp.a(altera_nios2_qsys_irq.o)
                              ../hellohuhi_bsp/\libhal_bsp.a(alt_sys_init.o) (altera_nios2_qsys_irq_init)
c:/altera/13.0/nios2eds/bin/gnu/h-i686-mingw32/bin/../lib/gcc/nios2-elf/4.1.2/../../../../nios2-elf/lib/mno-hw-mul\libsmallc.a(lib_a-int_errno.o)
                              ../hellohuhi_bsp/\libhal_bsp.a(altera_avalon_uart_read.o) (errno)
c:/altera/13.0/nios2eds/bin/gnu/h-i686-mingw32/bin/../lib/gcc/nios2-elf/4.1.2/../../../../nios2-elf/lib/mno-hw-mul\libsmallc.a(lib_a-strlen.o)
                              ../hellohuhi_bsp/\libhal_bsp.a(alt_putstr.o) (strlen)

Allocating common symbols
Common symbol       size              file

errno               0x4               c:/altera/13.0/nios2eds/bin/gnu/h-i686-mingw32/bin/../lib/gcc/nios2-elf/4.1.2/../../../../nios2-elf/lib/mno-hw-mul\libsmallc.a(lib_a-int_errno.o)

Memory Configuration

Name             Origin             Length             Attributes
reset            0x00004000         0x00000020
onchip_memory2_0 0x00004020         0x00001fe4
*default*        0x00000000         0xffffffff

Linker script and memory map

LOAD ../hellohuhi_bsp//obj/HAL/src/crt0.o
                0x0000400c                exit = _exit
LOAD obj/default/hello_world_small.o
LOAD c:/altera/13.0/nios2eds/bin/gnu/h-i686-mingw32/bin/../lib/gcc/nios2-elf/4.1.2/../../../../nios2-elf/lib/mno-hw-mul\libstdc++.a
LOAD c:/altera/13.0/nios2eds/bin/gnu/h-i686-mingw32/bin/../lib/gcc/nios2-elf/4.1.2/../../../../nios2-elf/lib/mno-hw-mul\libm.a
LOAD c:/altera/13.0/nios2eds/bin/gnu/h-i686-mingw32/bin/../lib/gcc/nios2-elf/4.1.2/mno-hw-mul\libgcc.a
START GROUP
LOAD c:/altera/13.0/nios2eds/bin/gnu/h-i686-mingw32/bin/../lib/gcc/nios2-elf/4.1.2/../../../../nios2-elf/lib/mno-hw-mul\libsmallc.a
LOAD c:/altera/13.0/nios2eds/bin/gnu/h-i686-mingw32/bin/../lib/gcc/nios2-elf/4.1.2/mno-hw-mul\libgcc.a
LOAD ../hellohuhi_bsp/\libhal_bsp.a
END GROUP
LOAD c:/altera/13.0/nios2eds/bin/gnu/h-i686-mingw32/bin/../lib/gcc/nios2-elf/4.1.2/mno-hw-mul\libgcc.a
                0x00004000                __alt_mem_onchip_memory2_0 = 0x4000

.entry          0x00004000       0x20
 *(.entry)
 .entry         0x00004000       0x20 ../hellohuhi_bsp//obj/HAL/src/crt0.o
                0x00004000                __reset
                0x0000400c                _exit

.exceptions     0x00004020        0x0
                0x00004020                PROVIDE (__ram_exceptions_start, ABSOLUTE (.))
                0x00004020                . = ALIGN (0x20)
 *(.irq)
 *(.exceptions.entry.label)
 *(.exceptions.entry.user)
 *(.exceptions.entry)
 *(.exceptions.irqtest.user)
 *(.exceptions.irqtest)
 *(.exceptions.irqhandler.user)
 *(.exceptions.irqhandler)
 *(.exceptions.irqreturn.user)
 *(.exceptions.irqreturn)
 *(.exceptions.notirq.label)
 *(.exceptions.notirq.user)
 *(.exceptions.notirq)
 *(.exceptions.soft.user)
 *(.exceptions.soft)
 *(.exceptions.unknown.user)
 *(.exceptions.unknown)
 *(.exceptions.exit.label)
 *(.exceptions.exit.user)
 *(.exceptions.exit)
 *(.exceptions)
                0x00004020                PROVIDE (__ram_exceptions_end, ABSOLUTE (.))
                0x00004020                PROVIDE (__flash_exceptions_start, LOADADDR (.exceptions))

.text           0x00004020      0x4c0
                0x00004020                PROVIDE (stext, ABSOLUTE (.))
 *(.interp)
 *(.hash)
 *(.dynsym)
 *(.dynstr)
 *(.gnu.version)
 *(.gnu.version_d)
 *(.gnu.version_r)
 *(.rel.init)
 *(.rela.init)
 *(.rel.text .rel.text.* .rel.gnu.linkonce.t.*)
 *(.rela.text .rela.text.* .rela.gnu.linkonce.t.*)
 *(.rel.fini)
 *(.rela.fini)
 *(.rel.rodata .rel.rodata.* .rel.gnu.linkonce.r.*)
 *(.rela.rodata .rela.rodata.* .rela.gnu.linkonce.r.*)
 *(.rel.data .rel.data.* .rel.gnu.linkonce.d.*)
 *(.rela.data .rela.data.* .rela.gnu.linkonce.d.*)
 *(.rel.tdata .rel.tdata.* .rel.gnu.linkonce.td.*)
 *(.rela.tdata .rela.tdata.* .rela.gnu.linkonce.td.*)
 *(.rel.tbss .rel.tbss.* .rel.gnu.linkonce.tb.*)
 *(.rela.tbss .rela.tbss.* .rela.gnu.linkonce.tb.*)
 *(.rel.ctors)
 *(.rela.ctors)
 *(.rel.dtors)
 *(.rela.dtors)
 *(.rel.got)
 *(.rela.got)
 *(.rel.sdata .rel.sdata.* .rel.gnu.linkonce.s.*)
 *(.rela.sdata .rela.sdata.* .rela.gnu.linkonce.s.*)
 *(.rel.sbss .rel.sbss.* .rel.gnu.linkonce.sb.*)
 *(.rela.sbss .rela.sbss.* .rela.gnu.linkonce.sb.*)
 *(.rel.sdata2 .rel.sdata2.* .rel.gnu.linkonce.s2.*)
 *(.rela.sdata2 .rela.sdata2.* .rela.gnu.linkonce.s2.*)
 *(.rel.sbss2 .rel.sbss2.* .rel.gnu.linkonce.sb2.*)
 *(.rela.sbss2 .rela.sbss2.* .rela.gnu.linkonce.sb2.*)
 *(.rel.bss .rel.bss.* .rel.gnu.linkonce.b.*)
 *(.rela.bss .rela.bss.* .rela.gnu.linkonce.b.*)
 *(.rel.plt)
 *(.rela.plt)
 *(.rel.dyn)
 *(.init)
 *(.plt)
 *(.text .stub .text.* .gnu.linkonce.t.*)
 .text          0x00004020       0x3c ../hellohuhi_bsp//obj/HAL/src/crt0.o
                0x00004020                _start
 .text          0x0000405c       0x4c obj/default/hello_world_small.o
                0x0000405c                main
 .text          0x000040a8       0x44 ../hellohuhi_bsp/\libhal_bsp.a(alt_getchar.o)
                0x000040a8                alt_getchar
 .text          0x000040ec       0x8c ../hellohuhi_bsp/\libhal_bsp.a(alt_load.o)
                0x0000410c                alt_load
 .text          0x00004178       0x2c ../hellohuhi_bsp/\libhal_bsp.a(alt_main.o)
                0x00004178                alt_main
 .text          0x000041a4      0x144 ../hellohuhi_bsp/\libhal_bsp.a(alt_printf.o)
                0x000041a4                alt_printf
 .text          0x000042e8       0x50 ../hellohuhi_bsp/\libhal_bsp.a(alt_putchar.o)
                0x000042e8                alt_putchar
 .text          0x00004338       0x38 ../hellohuhi_bsp/\libhal_bsp.a(alt_putstr.o)
                0x00004338                alt_putstr
 .text          0x00004370       0x24 ../hellohuhi_bsp/\libhal_bsp.a(alt_sys_init.o)
                0x00004370                alt_sys_init
                0x00004374                alt_irq_init
 .text          0x00004394       0x80 ../hellohuhi_bsp/\libhal_bsp.a(altera_avalon_uart_read.o)
                0x00004394                altera_avalon_uart_read
 .text          0x00004414       0x94 ../hellohuhi_bsp/\libhal_bsp.a(altera_avalon_uart_write.o)
                0x00004414                altera_avalon_uart_write
 .text          0x000044a8        0x4 ../hellohuhi_bsp/\libhal_bsp.a(alt_dcache_flush_all.o)
                0x000044a8                alt_dcache_flush_all
 .text          0x000044ac        0x8 ../hellohuhi_bsp/\libhal_bsp.a(alt_dev.o)
 .text          0x000044b4        0x0 ../hellohuhi_bsp/\libhal_bsp.a(alt_errno.o)
 .text          0x000044b4        0x4 ../hellohuhi_bsp/\libhal_bsp.a(alt_icache_flush_all.o)
                0x000044b4                alt_icache_flush_all
 .text          0x000044b8        0x8 ../hellohuhi_bsp/\libhal_bsp.a(altera_nios2_qsys_irq.o)
                0x000044b8                altera_nios2_qsys_irq_init
 .text          0x000044c0        0x0 c:/altera/13.0/nios2eds/bin/gnu/h-i686-mingw32/bin/../lib/gcc/nios2-elf/4.1.2/../../../../nios2-elf/lib/mno-hw-mul\libsmallc.a(lib_a-int_errno.o)
 .text          0x000044c0       0x20 c:/altera/13.0/nios2eds/bin/gnu/h-i686-mingw32/bin/../lib/gcc/nios2-elf/4.1.2/../../../../nios2-elf/lib/mno-hw-mul\libsmallc.a(lib_a-strlen.o)
                0x000044c0                strlen
 *(.gnu.warning.*)
 *(.fini)
                0x000044e0                PROVIDE (__etext, ABSOLUTE (.))
                0x000044e0                PROVIDE (_etext, ABSOLUTE (.))
                0x000044e0                PROVIDE (etext, ABSOLUTE (.))
 *(.eh_frame_hdr)
                0x000044e0                . = ALIGN (0x4)
                0x000044e0                PROVIDE (__preinit_array_start, ABSOLUTE (.))
 *(.preinit_array)
                0x000044e0                PROVIDE (__preinit_array_end, ABSOLUTE (.))
                0x000044e0                PROVIDE (__init_array_start, ABSOLUTE (.))
 *(.init_array)
                0x000044e0                PROVIDE (__init_array_end, ABSOLUTE (.))
                0x000044e0                PROVIDE (__fini_array_start, ABSOLUTE (.))
 *(.fini_array)
                0x000044e0                PROVIDE (__fini_array_end, ABSOLUTE (.))
 *(.eh_frame)
 *(.gcc_except_table)
 *(.dynamic)
                0x000044e0                PROVIDE (__CTOR_LIST__, ABSOLUTE (.))
 *(.ctors)
 *(SORT(.ctors.*))
                0x000044e0                PROVIDE (__CTOR_END__, ABSOLUTE (.))
                0x000044e0                PROVIDE (__DTOR_LIST__, ABSOLUTE (.))
 *(.dtors)
 *(SORT(.dtors.*))
                0x000044e0                PROVIDE (__DTOR_END__, ABSOLUTE (.))
 *(.jcr)
                0x000044e0                . = ALIGN (0x4)

.rodata         0x000044e0       0x3c
                0x000044e0                PROVIDE (__ram_rodata_start, ABSOLUTE (.))
                0x000044e0                . = ALIGN (0x4)
 *(.rodata .rodata.* .gnu.linkonce.r.*)
 .rodata.str1.1
                0x000044e0       0x32 obj/default/hello_world_small.o
 .rodata.str1.1
                0x00004512        0xa ../hellohuhi_bsp/\libhal_bsp.a(alt_dev.o)
 *(.rodata1)
                0x0000451c                . = ALIGN (0x4)
                0x0000451c                PROVIDE (__ram_rodata_end, ABSOLUTE (.))
                0x000044e0                PROVIDE (__flash_rodata_start, LOADADDR (.rodata))

.rwdata         0x0000451c       0x74 load address 0x00004590
                0x0000451c                PROVIDE (__ram_rwdata_start, ABSOLUTE (.))
                0x0000451c                . = ALIGN (0x4)
 *(.got.plt)
 *(.got)
 *(.data1)
 *(.data .data.* .gnu.linkonce.d.*)
 .data          0x0000451c        0x0 ../hellohuhi_bsp//obj/HAL/src/crt0.o
 .data          0x0000451c        0x0 obj/default/hello_world_small.o
 .data          0x0000451c        0x0 ../hellohuhi_bsp/\libhal_bsp.a(alt_getchar.o)
 .data          0x0000451c        0x0 ../hellohuhi_bsp/\libhal_bsp.a(alt_load.o)
 .data          0x0000451c        0x0 ../hellohuhi_bsp/\libhal_bsp.a(alt_main.o)
 .data          0x0000451c        0x0 ../hellohuhi_bsp/\libhal_bsp.a(alt_printf.o)
 .data          0x0000451c        0x0 ../hellohuhi_bsp/\libhal_bsp.a(alt_putchar.o)
 .data          0x0000451c        0x0 ../hellohuhi_bsp/\libhal_bsp.a(alt_putstr.o)
 .data          0x0000451c        0x0 ../hellohuhi_bsp/\libhal_bsp.a(alt_sys_init.o)
 .data          0x0000451c        0x0 ../hellohuhi_bsp/\libhal_bsp.a(altera_avalon_uart_read.o)
 .data          0x0000451c        0x0 ../hellohuhi_bsp/\libhal_bsp.a(altera_avalon_uart_write.o)
 .data          0x0000451c        0x0 ../hellohuhi_bsp/\libhal_bsp.a(alt_dcache_flush_all.o)
 .data          0x0000451c       0x58 ../hellohuhi_bsp/\libhal_bsp.a(alt_dev.o)
                0x0000451c                alt_dev_null
                0x00004544                alt_fd_list
 .data          0x00004574        0x0 ../hellohuhi_bsp/\libhal_bsp.a(alt_errno.o)
 .data          0x00004574        0x0 ../hellohuhi_bsp/\libhal_bsp.a(alt_icache_flush_all.o)
 .data          0x00004574        0x0 ../hellohuhi_bsp/\libhal_bsp.a(altera_nios2_qsys_irq.o)
 .data          0x00004574        0x0 c:/altera/13.0/nios2eds/bin/gnu/h-i686-mingw32/bin/../lib/gcc/nios2-elf/4.1.2/../../../../nios2-elf/lib/mno-hw-mul\libsmallc.a(lib_a-int_errno.o)
 .data          0x00004574        0x0 c:/altera/13.0/nios2eds/bin/gnu/h-i686-mingw32/bin/../lib/gcc/nios2-elf/4.1.2/../../../../nios2-elf/lib/mno-hw-mul\libsmallc.a(lib_a-strlen.o)
                0x0000c574                _gp = ABSOLUTE ((. + 0x8000))
                0x0000c574                PROVIDE (gp, _gp)
 *(.rwdata .rwdata.*)
 *(.sdata .sdata.* .gnu.linkonce.s.*)
 .sdata         0x00004574        0x4 ../hellohuhi_bsp/\libhal_bsp.a(alt_sys_init.o)
                0x00004574                uart_0
 .sdata         0x00004578       0x14 ../hellohuhi_bsp/\libhal_bsp.a(alt_dev.o)
                0x00004578                alt_fs_list
                0x00004580                alt_dev_list
                0x00004588                alt_max_fd
 .sdata         0x0000458c        0x4 ../hellohuhi_bsp/\libhal_bsp.a(alt_errno.o)
                0x0000458c                alt_errno
 *(.sdata2 .sdata2.* .gnu.linkonce.s2.*)
                0x00004590                . = ALIGN (0x4)
                0x00004590                _edata = ABSOLUTE (.)
                0x00004590                PROVIDE (edata, ABSOLUTE (.))
                0x00004590                PROVIDE (__ram_rwdata_end, ABSOLUTE (.))
                0x00004590                PROVIDE (__flash_rwdata_start, LOADADDR (.rwdata))

.bss            0x00004604       0x10
                0x00004604                __bss_start = ABSOLUTE (.)
                0x00004604                PROVIDE (__sbss_start, ABSOLUTE (.))
                0x00004604                PROVIDE (___sbss_start, ABSOLUTE (.))
 *(.dynsbss)
 *(.sbss .sbss.* .gnu.linkonce.sb.*)
 .sbss          0x00004604        0xc ../hellohuhi_bsp/\libhal_bsp.a(alt_main.o)
                0x00004604                alt_argc
                0x00004608                alt_argv
                0x0000460c                alt_envp
 .sbss          0x00004610        0x4 c:/altera/13.0/nios2eds/bin/gnu/h-i686-mingw32/bin/../lib/gcc/nios2-elf/4.1.2/../../../../nios2-elf/lib/mno-hw-mul\libsmallc.a(lib_a-int_errno.o)
                0x00004610                errno
 *(.sbss2 .sbss2.* .gnu.linkonce.sb2.*)
 *(.scommon)
                0x00004614                PROVIDE (__sbss_end, ABSOLUTE (.))
                0x00004614                PROVIDE (___sbss_end, ABSOLUTE (.))
 *(.dynbss)
 *(.bss .bss.* .gnu.linkonce.b.*)
 .bss           0x00004614        0x0 ../hellohuhi_bsp//obj/HAL/src/crt0.o
 .bss           0x00004614        0x0 obj/default/hello_world_small.o
 .bss           0x00004614        0x0 ../hellohuhi_bsp/\libhal_bsp.a(alt_getchar.o)
 .bss           0x00004614        0x0 ../hellohuhi_bsp/\libhal_bsp.a(alt_load.o)
 .bss           0x00004614        0x0 ../hellohuhi_bsp/\libhal_bsp.a(alt_main.o)
 .bss           0x00004614        0x0 ../hellohuhi_bsp/\libhal_bsp.a(alt_printf.o)
 .bss           0x00004614        0x0 ../hellohuhi_bsp/\libhal_bsp.a(alt_putchar.o)
 .bss           0x00004614        0x0 ../hellohuhi_bsp/\libhal_bsp.a(alt_putstr.o)
 .bss           0x00004614        0x0 ../hellohuhi_bsp/\libhal_bsp.a(alt_sys_init.o)
 .bss           0x00004614        0x0 ../hellohuhi_bsp/\libhal_bsp.a(altera_avalon_uart_read.o)
 .bss           0x00004614        0x0 ../hellohuhi_bsp/\libhal_bsp.a(altera_avalon_uart_write.o)
 .bss           0x00004614        0x0 ../hellohuhi_bsp/\libhal_bsp.a(alt_dcache_flush_all.o)
 .bss           0x00004614        0x0 ../hellohuhi_bsp/\libhal_bsp.a(alt_dev.o)
 .bss           0x00004614        0x0 ../hellohuhi_bsp/\libhal_bsp.a(alt_errno.o)
 .bss           0x00004614        0x0 ../hellohuhi_bsp/\libhal_bsp.a(alt_icache_flush_all.o)
 .bss           0x00004614        0x0 ../hellohuhi_bsp/\libhal_bsp.a(altera_nios2_qsys_irq.o)
 .bss           0x00004614        0x0 c:/altera/13.0/nios2eds/bin/gnu/h-i686-mingw32/bin/../lib/gcc/nios2-elf/4.1.2/../../../../nios2-elf/lib/mno-hw-mul\libsmallc.a(lib_a-int_errno.o)
 .bss           0x00004614        0x0 c:/altera/13.0/nios2eds/bin/gnu/h-i686-mingw32/bin/../lib/gcc/nios2-elf/4.1.2/../../../../nios2-elf/lib/mno-hw-mul\libsmallc.a(lib_a-strlen.o)
 *(COMMON)
                0x00004614                . = ALIGN (0x4)
                0x00004614                __bss_end = ABSOLUTE (.)

.onchip_memory2_0
                0x00004614        0x0
                0x00004614                PROVIDE (_alt_partition_onchip_memory2_0_start, ABSOLUTE (.))
 *(.onchip_memory2_0. onchip_memory2_0.*)
                0x00004614                . = ALIGN (0x4)
                0x00004614                PROVIDE (_alt_partition_onchip_memory2_0_end, ABSOLUTE (.))
                0x00004614                _end = ABSOLUTE (.)
                0x00004614                end = ABSOLUTE (.)
                0x00004614                __alt_stack_base = ABSOLUTE (.)
                0x00004614                PROVIDE (_alt_partition_onchip_memory2_0_load_addr, LOADADDR (.onchip_memory2_0))

.stab
 *(.stab)

.stabstr
 *(.stabstr)

.stab.excl
 *(.stab.excl)

.stab.exclstr
 *(.stab.exclstr)

.stab.index
 *(.stab.index)

.stab.indexstr
 *(.stab.indexstr)

.comment        0x00000000       0x23
 *(.comment)
 .comment       0x00000000       0x23 obj/default/hello_world_small.o
                                 0x24 (size before relaxing)
 .comment       0x00000000       0x24 ../hellohuhi_bsp/\libhal_bsp.a(alt_getchar.o)
 .comment       0x00000000       0x24 ../hellohuhi_bsp/\libhal_bsp.a(alt_load.o)
 .comment       0x00000000       0x24 ../hellohuhi_bsp/\libhal_bsp.a(alt_main.o)
 .comment       0x00000000       0x24 ../hellohuhi_bsp/\libhal_bsp.a(alt_printf.o)
 .comment       0x00000000       0x24 ../hellohuhi_bsp/\libhal_bsp.a(alt_putchar.o)
 .comment       0x00000000       0x24 ../hellohuhi_bsp/\libhal_bsp.a(alt_putstr.o)
 .comment       0x00000000       0x24 ../hellohuhi_bsp/\libhal_bsp.a(alt_sys_init.o)
 .comment       0x00000000       0x24 ../hellohuhi_bsp/\libhal_bsp.a(altera_avalon_uart_read.o)
 .comment       0x00000000       0x24 ../hellohuhi_bsp/\libhal_bsp.a(altera_avalon_uart_write.o)
 .comment       0x00000000       0x24 ../hellohuhi_bsp/\libhal_bsp.a(alt_dcache_flush_all.o)
 .comment       0x00000000       0x24 ../hellohuhi_bsp/\libhal_bsp.a(alt_dev.o)
 .comment       0x00000000       0x24 ../hellohuhi_bsp/\libhal_bsp.a(alt_errno.o)
 .comment       0x00000000       0x24 ../hellohuhi_bsp/\libhal_bsp.a(alt_icache_flush_all.o)
 .comment       0x00000000       0x24 ../hellohuhi_bsp/\libhal_bsp.a(altera_nios2_qsys_irq.o)
 .comment       0x00000000       0x24 c:/altera/13.0/nios2eds/bin/gnu/h-i686-mingw32/bin/../lib/gcc/nios2-elf/4.1.2/../../../../nios2-elf/lib/mno-hw-mul\libsmallc.a(lib_a-int_errno.o)
 .comment       0x00000000       0x24 c:/altera/13.0/nios2eds/bin/gnu/h-i686-mingw32/bin/../lib/gcc/nios2-elf/4.1.2/../../../../nios2-elf/lib/mno-hw-mul\libsmallc.a(lib_a-strlen.o)

.debug
 *(.debug)

.line
 *(.line)

.debug_srcinfo
 *(.debug_srcinfo)

.debug_sfnames
 *(.debug_sfnames)

.debug_aranges  0x00000000      0x208
 *(.debug_aranges)
 .debug_aranges
                0x00000000       0x28 ../hellohuhi_bsp//obj/HAL/src/crt0.o
 .debug_aranges
                0x00000028       0x20 obj/default/hello_world_small.o
 .debug_aranges
                0x00000048       0x20 ../hellohuhi_bsp/\libhal_bsp.a(alt_getchar.o)
 .debug_aranges
                0x00000068       0x20 ../hellohuhi_bsp/\libhal_bsp.a(alt_load.o)
 .debug_aranges
                0x00000088       0x20 ../hellohuhi_bsp/\libhal_bsp.a(alt_main.o)
 .debug_aranges
                0x000000a8       0x20 ../hellohuhi_bsp/\libhal_bsp.a(alt_printf.o)
 .debug_aranges
                0x000000c8       0x20 ../hellohuhi_bsp/\libhal_bsp.a(alt_putchar.o)
 .debug_aranges
                0x000000e8       0x20 ../hellohuhi_bsp/\libhal_bsp.a(alt_putstr.o)
 .debug_aranges
                0x00000108       0x20 ../hellohuhi_bsp/\libhal_bsp.a(alt_sys_init.o)
 .debug_aranges
                0x00000128       0x20 ../hellohuhi_bsp/\libhal_bsp.a(altera_avalon_uart_read.o)
 .debug_aranges
                0x00000148       0x20 ../hellohuhi_bsp/\libhal_bsp.a(altera_avalon_uart_write.o)
 .debug_aranges
                0x00000168       0x20 ../hellohuhi_bsp/\libhal_bsp.a(alt_dcache_flush_all.o)
 .debug_aranges
                0x00000188       0x20 ../hellohuhi_bsp/\libhal_bsp.a(alt_dev.o)
 .debug_aranges
                0x000001a8       0x20 ../hellohuhi_bsp/\libhal_bsp.a(alt_icache_flush_all.o)
 .debug_aranges
                0x000001c8       0x20 ../hellohuhi_bsp/\libhal_bsp.a(altera_nios2_qsys_irq.o)
 .debug_aranges
                0x000001e8       0x20 c:/altera/13.0/nios2eds/bin/gnu/h-i686-mingw32/bin/../lib/gcc/nios2-elf/4.1.2/../../../../nios2-elf/lib/mno-hw-mul\libsmallc.a(lib_a-strlen.o)

.debug_pubnames
                0x00000000      0x2e5
 *(.debug_pubnames)
 .debug_pubnames
                0x00000000       0x1b obj/default/hello_world_small.o
 .debug_pubnames
                0x0000001b       0x22 ../hellohuhi_bsp/\libhal_bsp.a(alt_getchar.o)
 .debug_pubnames
                0x0000003d       0x1f ../hellohuhi_bsp/\libhal_bsp.a(alt_load.o)
 .debug_pubnames
                0x0000005c       0x46 ../hellohuhi_bsp/\libhal_bsp.a(alt_main.o)
 .debug_pubnames
                0x000000a2       0x21 ../hellohuhi_bsp/\libhal_bsp.a(alt_printf.o)
 .debug_pubnames
                0x000000c3       0x22 ../hellohuhi_bsp/\libhal_bsp.a(alt_putchar.o)
 .debug_pubnames
                0x000000e5       0x21 ../hellohuhi_bsp/\libhal_bsp.a(alt_putstr.o)
 .debug_pubnames
                0x00000106       0x3f ../hellohuhi_bsp/\libhal_bsp.a(alt_sys_init.o)
 .debug_pubnames
                0x00000145       0x2e ../hellohuhi_bsp/\libhal_bsp.a(altera_avalon_uart_read.o)
 .debug_pubnames
                0x00000173       0x2f ../hellohuhi_bsp/\libhal_bsp.a(altera_avalon_uart_write.o)
 .debug_pubnames
                0x000001a2       0x2b ../hellohuhi_bsp/\libhal_bsp.a(alt_dcache_flush_all.o)
 .debug_pubnames
                0x000001cd       0x63 ../hellohuhi_bsp/\libhal_bsp.a(alt_dev.o)
 .debug_pubnames
                0x00000230       0x20 ../hellohuhi_bsp/\libhal_bsp.a(alt_errno.o)
 .debug_pubnames
                0x00000250       0x2b ../hellohuhi_bsp/\libhal_bsp.a(alt_icache_flush_all.o)
 .debug_pubnames
                0x0000027b       0x31 ../hellohuhi_bsp/\libhal_bsp.a(altera_nios2_qsys_irq.o)
 .debug_pubnames
                0x000002ac       0x1c c:/altera/13.0/nios2eds/bin/gnu/h-i686-mingw32/bin/../lib/gcc/nios2-elf/4.1.2/../../../../nios2-elf/lib/mno-hw-mul\libsmallc.a(lib_a-int_errno.o)
 .debug_pubnames
                0x000002c8       0x1d c:/altera/13.0/nios2eds/bin/gnu/h-i686-mingw32/bin/../lib/gcc/nios2-elf/4.1.2/../../../../nios2-elf/lib/mno-hw-mul\libsmallc.a(lib_a-strlen.o)

.debug_info     0x00000000     0x161e
 *(.debug_info .gnu.linkonce.wi.*)
 .debug_info    0x00000000       0x5d ../hellohuhi_bsp//obj/HAL/src/crt0.o
 .debug_info    0x0000005d       0x93 obj/default/hello_world_small.o
 .debug_info    0x000000f0      0x300 ../hellohuhi_bsp/\libhal_bsp.a(alt_getchar.o)
 .debug_info    0x000003f0      0x12e ../hellohuhi_bsp/\libhal_bsp.a(alt_load.o)
 .debug_info    0x0000051e      0x125 ../hellohuhi_bsp/\libhal_bsp.a(alt_main.o)
 .debug_info    0x00000643      0x11d ../hellohuhi_bsp/\libhal_bsp.a(alt_printf.o)
 .debug_info    0x00000760       0xc5 ../hellohuhi_bsp/\libhal_bsp.a(alt_putchar.o)
 .debug_info    0x00000825       0xc5 ../hellohuhi_bsp/\libhal_bsp.a(alt_putstr.o)
 .debug_info    0x000008ea      0x153 ../hellohuhi_bsp/\libhal_bsp.a(alt_sys_init.o)
 .debug_info    0x00000a3d      0x1a6 ../hellohuhi_bsp/\libhal_bsp.a(altera_avalon_uart_read.o)
 .debug_info    0x00000be3      0x1be ../hellohuhi_bsp/\libhal_bsp.a(altera_avalon_uart_write.o)
 .debug_info    0x00000da1       0x8d ../hellohuhi_bsp/\libhal_bsp.a(alt_dcache_flush_all.o)
 .debug_info    0x00000e2e      0x4dd ../hellohuhi_bsp/\libhal_bsp.a(alt_dev.o)
 .debug_info    0x0000130b       0xab ../hellohuhi_bsp/\libhal_bsp.a(alt_errno.o)
 .debug_info    0x000013b6       0x8d ../hellohuhi_bsp/\libhal_bsp.a(alt_icache_flush_all.o)
 .debug_info    0x00001443       0x8d ../hellohuhi_bsp/\libhal_bsp.a(altera_nios2_qsys_irq.o)
 .debug_info    0x000014d0       0x8c c:/altera/13.0/nios2eds/bin/gnu/h-i686-mingw32/bin/../lib/gcc/nios2-elf/4.1.2/../../../../nios2-elf/lib/mno-hw-mul\libsmallc.a(lib_a-int_errno.o)
 .debug_info    0x0000155c       0xc2 c:/altera/13.0/nios2eds/bin/gnu/h-i686-mingw32/bin/../lib/gcc/nios2-elf/4.1.2/../../../../nios2-elf/lib/mno-hw-mul\libsmallc.a(lib_a-strlen.o)

.debug_abbrev   0x00000000      0x986
 *(.debug_abbrev)
 .debug_abbrev  0x00000000       0x12 ../hellohuhi_bsp//obj/HAL/src/crt0.o
 .debug_abbrev  0x00000012       0x4e obj/default/hello_world_small.o
 .debug_abbrev  0x00000060       0xdd ../hellohuhi_bsp/\libhal_bsp.a(alt_getchar.o)
 .debug_abbrev  0x0000013d       0x97 ../hellohuhi_bsp/\libhal_bsp.a(alt_load.o)
 .debug_abbrev  0x000001d4       0xa6 ../hellohuhi_bsp/\libhal_bsp.a(alt_main.o)
 .debug_abbrev  0x0000027a       0xc7 ../hellohuhi_bsp/\libhal_bsp.a(alt_printf.o)
 .debug_abbrev  0x00000341       0x7b ../hellohuhi_bsp/\libhal_bsp.a(alt_putchar.o)
 .debug_abbrev  0x000003bc       0x7c ../hellohuhi_bsp/\libhal_bsp.a(alt_putstr.o)
 .debug_abbrev  0x00000438       0xdc ../hellohuhi_bsp/\libhal_bsp.a(alt_sys_init.o)
 .debug_abbrev  0x00000514       0xda ../hellohuhi_bsp/\libhal_bsp.a(altera_avalon_uart_read.o)
 .debug_abbrev  0x000005ee       0xf2 ../hellohuhi_bsp/\libhal_bsp.a(altera_avalon_uart_write.o)
 .debug_abbrev  0x000006e0       0x3f ../hellohuhi_bsp/\libhal_bsp.a(alt_dcache_flush_all.o)
 .debug_abbrev  0x0000071f       0xd6 ../hellohuhi_bsp/\libhal_bsp.a(alt_dev.o)
 .debug_abbrev  0x000007f5       0x5e ../hellohuhi_bsp/\libhal_bsp.a(alt_errno.o)
 .debug_abbrev  0x00000853       0x3f ../hellohuhi_bsp/\libhal_bsp.a(alt_icache_flush_all.o)
 .debug_abbrev  0x00000892       0x3f ../hellohuhi_bsp/\libhal_bsp.a(altera_nios2_qsys_irq.o)
 .debug_abbrev  0x000008d1       0x3b c:/altera/13.0/nios2eds/bin/gnu/h-i686-mingw32/bin/../lib/gcc/nios2-elf/4.1.2/../../../../nios2-elf/lib/mno-hw-mul\libsmallc.a(lib_a-int_errno.o)
 .debug_abbrev  0x0000090c       0x7a c:/altera/13.0/nios2eds/bin/gnu/h-i686-mingw32/bin/../lib/gcc/nios2-elf/4.1.2/../../../../nios2-elf/lib/mno-hw-mul\libsmallc.a(lib_a-strlen.o)

.debug_line     0x00000000     0x2428
 *(.debug_line)
 .debug_line    0x00000000       0x66 ../hellohuhi_bsp//obj/HAL/src/crt0.o
 .debug_line    0x00000066      0x125 obj/default/hello_world_small.o
 .debug_line    0x0000018b      0x252 ../hellohuhi_bsp/\libhal_bsp.a(alt_getchar.o)
 .debug_line    0x000003dd      0x211 ../hellohuhi_bsp/\libhal_bsp.a(alt_load.o)
 .debug_line    0x000005ee      0x2bc ../hellohuhi_bsp/\libhal_bsp.a(alt_main.o)
 .debug_line    0x000008aa      0x1ef ../hellohuhi_bsp/\libhal_bsp.a(alt_printf.o)
 .debug_line    0x00000a99      0x1ec ../hellohuhi_bsp/\libhal_bsp.a(alt_putchar.o)
 .debug_line    0x00000c85      0x1d3 ../hellohuhi_bsp/\libhal_bsp.a(alt_putstr.o)
 .debug_line    0x00000e58      0x260 ../hellohuhi_bsp/\libhal_bsp.a(alt_sys_init.o)
 .debug_line    0x000010b8      0x329 ../hellohuhi_bsp/\libhal_bsp.a(altera_avalon_uart_read.o)
 .debug_line    0x000013e1      0x314 ../hellohuhi_bsp/\libhal_bsp.a(altera_avalon_uart_write.o)
 .debug_line    0x000016f5      0x1af ../hellohuhi_bsp/\libhal_bsp.a(alt_dcache_flush_all.o)
 .debug_line    0x000018a4      0x246 ../hellohuhi_bsp/\libhal_bsp.a(alt_dev.o)
 .debug_line    0x00001aea      0x1a4 ../hellohuhi_bsp/\libhal_bsp.a(alt_errno.o)
 .debug_line    0x00001c8e      0x1af ../hellohuhi_bsp/\libhal_bsp.a(alt_icache_flush_all.o)
 .debug_line    0x00001e3d      0x1c8 ../hellohuhi_bsp/\libhal_bsp.a(altera_nios2_qsys_irq.o)
 .debug_line    0x00002005      0x1dc c:/altera/13.0/nios2eds/bin/gnu/h-i686-mingw32/bin/../lib/gcc/nios2-elf/4.1.2/../../../../nios2-elf/lib/mno-hw-mul\libsmallc.a(lib_a-int_errno.o)
 .debug_line    0x000021e1      0x247 c:/altera/13.0/nios2eds/bin/gnu/h-i686-mingw32/bin/../lib/gcc/nios2-elf/4.1.2/../../../../nios2-elf/lib/mno-hw-mul\libsmallc.a(lib_a-strlen.o)

.debug_frame    0x00000000      0x25c
 *(.debug_frame)
 .debug_frame   0x00000000       0x28 obj/default/hello_world_small.o
 .debug_frame   0x00000028       0x28 ../hellohuhi_bsp/\libhal_bsp.a(alt_getchar.o)
 .debug_frame   0x00000050       0x38 ../hellohuhi_bsp/\libhal_bsp.a(alt_load.o)
 .debug_frame   0x00000088       0x28 ../hellohuhi_bsp/\libhal_bsp.a(alt_main.o)
 .debug_frame   0x000000b0       0x2c ../hellohuhi_bsp/\libhal_bsp.a(alt_printf.o)
 .debug_frame   0x000000dc       0x2c ../hellohuhi_bsp/\libhal_bsp.a(alt_putchar.o)
 .debug_frame   0x00000108       0x28 ../hellohuhi_bsp/\libhal_bsp.a(alt_putstr.o)
 .debug_frame   0x00000130       0x38 ../hellohuhi_bsp/\libhal_bsp.a(alt_sys_init.o)
 .debug_frame   0x00000168       0x28 ../hellohuhi_bsp/\libhal_bsp.a(altera_avalon_uart_read.o)
 .debug_frame   0x00000190       0x2c ../hellohuhi_bsp/\libhal_bsp.a(altera_avalon_uart_write.o)
 .debug_frame   0x000001bc       0x20 ../hellohuhi_bsp/\libhal_bsp.a(alt_dcache_flush_all.o)
 .debug_frame   0x000001dc       0x20 ../hellohuhi_bsp/\libhal_bsp.a(alt_dev.o)
 .debug_frame   0x000001fc       0x20 ../hellohuhi_bsp/\libhal_bsp.a(alt_icache_flush_all.o)
 .debug_frame   0x0000021c       0x20 ../hellohuhi_bsp/\libhal_bsp.a(altera_nios2_qsys_irq.o)
 .debug_frame   0x0000023c       0x20 c:/altera/13.0/nios2eds/bin/gnu/h-i686-mingw32/bin/../lib/gcc/nios2-elf/4.1.2/../../../../nios2-elf/lib/mno-hw-mul\libsmallc.a(lib_a-strlen.o)

.debug_str      0x00000000      0x7ff
 *(.debug_str)
 .debug_str     0x00000000       0x98 obj/default/hello_world_small.o
                                 0xc9 (size before relaxing)
 .debug_str     0x00000098      0x106 ../hellohuhi_bsp/\libhal_bsp.a(alt_getchar.o)
                                0x1b1 (size before relaxing)
 .debug_str     0x0000019e       0xf1 ../hellohuhi_bsp/\libhal_bsp.a(alt_load.o)
                                0x1b2 (size before relaxing)
 .debug_str     0x0000028f       0x44 ../hellohuhi_bsp/\libhal_bsp.a(alt_main.o)
                                0x136 (size before relaxing)
 .debug_str     0x000002d3       0x46 ../hellohuhi_bsp/\libhal_bsp.a(alt_printf.o)
                                 0x9d (size before relaxing)
 .debug_str     0x00000319       0x22 ../hellohuhi_bsp/\libhal_bsp.a(alt_putchar.o)
                                0x105 (size before relaxing)
 .debug_str     0x0000033b       0x20 ../hellohuhi_bsp/\libhal_bsp.a(alt_putstr.o)
                                0x103 (size before relaxing)
 .debug_str     0x0000035b       0x65 ../hellohuhi_bsp/\libhal_bsp.a(alt_sys_init.o)
                                0x179 (size before relaxing)
 .debug_str     0x000003c0       0x63 ../hellohuhi_bsp/\libhal_bsp.a(altera_avalon_uart_read.o)
                                0x19a (size before relaxing)
 .debug_str     0x00000423       0x46 ../hellohuhi_bsp/\libhal_bsp.a(altera_avalon_uart_write.o)
                                0x1a2 (size before relaxing)
 .debug_str     0x00000469       0x34 ../hellohuhi_bsp/\libhal_bsp.a(alt_dcache_flush_all.o)
                                 0xf5 (size before relaxing)
 .debug_str     0x0000049d      0x120 ../hellohuhi_bsp/\libhal_bsp.a(alt_dev.o)
                                0x2a5 (size before relaxing)
 .debug_str     0x000005bd       0x14 ../hellohuhi_bsp/\libhal_bsp.a(alt_errno.o)
                                 0xe5 (size before relaxing)
 .debug_str     0x000005d1       0x34 ../hellohuhi_bsp/\libhal_bsp.a(alt_icache_flush_all.o)
                                 0xf5 (size before relaxing)
 .debug_str     0x00000605       0x3b ../hellohuhi_bsp/\libhal_bsp.a(altera_nios2_qsys_irq.o)
                                 0xfc (size before relaxing)
 .debug_str     0x00000640       0xd9 c:/altera/13.0/nios2eds/bin/gnu/h-i686-mingw32/bin/../lib/gcc/nios2-elf/4.1.2/../../../../nios2-elf/lib/mno-hw-mul\libsmallc.a(lib_a-int_errno.o)
                                0x174 (size before relaxing)
 .debug_str     0x00000719       0xe6 c:/altera/13.0/nios2eds/bin/gnu/h-i686-mingw32/bin/../lib/gcc/nios2-elf/4.1.2/../../../../nios2-elf/lib/mno-hw-mul\libsmallc.a(lib_a-strlen.o)
                                0x181 (size before relaxing)

.debug_loc      0x00000000      0x3fc
 *(.debug_loc)
 .debug_loc     0x00000000       0x1f obj/default/hello_world_small.o
 .debug_loc     0x0000001f       0x1f ../hellohuhi_bsp/\libhal_bsp.a(alt_getchar.o)
 .debug_loc     0x0000003e       0x1f ../hellohuhi_bsp/\libhal_bsp.a(alt_load.o)
 .debug_loc     0x0000005d       0x1f ../hellohuhi_bsp/\libhal_bsp.a(alt_main.o)
 .debug_loc     0x0000007c      0x175 ../hellohuhi_bsp/\libhal_bsp.a(alt_printf.o)
 .debug_loc     0x000001f1       0x3d ../hellohuhi_bsp/\libhal_bsp.a(alt_putchar.o)
 .debug_loc     0x0000022e       0x48 ../hellohuhi_bsp/\libhal_bsp.a(alt_putstr.o)
 .debug_loc     0x00000276       0x32 ../hellohuhi_bsp/\libhal_bsp.a(alt_sys_init.o)
 .debug_loc     0x000002a8       0x8c ../hellohuhi_bsp/\libhal_bsp.a(altera_avalon_uart_read.o)
 .debug_loc     0x00000334       0xaa ../hellohuhi_bsp/\libhal_bsp.a(altera_avalon_uart_write.o)
 .debug_loc     0x000003de       0x1e c:/altera/13.0/nios2eds/bin/gnu/h-i686-mingw32/bin/../lib/gcc/nios2-elf/4.1.2/../../../../nios2-elf/lib/mno-hw-mul\libsmallc.a(lib_a-strlen.o)

.debug_macinfo
 *(.debug_macinfo)

.debug_weaknames
 *(.debug_weaknames)

.debug_funcnames
 *(.debug_funcnames)

.debug_typenames
 *(.debug_typenames)

.debug_varnames
 *(.debug_varnames)

.debug_alt_sim_info
                0x00000000       0x10
 *(.debug_alt_sim_info)
 .debug_alt_sim_info
                0x00000000       0x10 ../hellohuhi_bsp//obj/HAL/src/crt0.o
                0x00006004                __alt_data_end = 0x6004
                0x00006004                PROVIDE (__alt_stack_pointer, __alt_data_end)
                0x00004614                PROVIDE (__alt_stack_limit, __alt_stack_base)
                0x00004614                PROVIDE (__alt_heap_start, end)
                0x00006004                PROVIDE (__alt_heap_limit, 0x6004)
OUTPUT(hellohuhi.elf elf32-littlenios2)

.debug_ranges   0x00000000       0x38
 .debug_ranges  0x00000000       0x20 ../hellohuhi_bsp//obj/HAL/src/crt0.o
 .debug_ranges  0x00000020       0x18 ../hellohuhi_bsp/\libhal_bsp.a(altera_avalon_uart_read.o)
